// Jest Snapshot v1, https://goo.gl/fbAQLP

exports[`TextInput component should match to snapshot 1`] = `
<TextField
  disabled={false}
  floatingLabelFixed={false}
  fullWidth={true}
  hintText="login"
  multiLine={false}
  name="login"
  onChange={[Function]}
  rows={1}
  type="text"
  underlineShow={true}
/>
`;
