exports[`test Jest: TmPanelDesktop (Shallow Snapshot) 1`] = `
<div
  className={undefined}>
  <div
    className={undefined}>
    <Flex
      align="center"
      className={undefined}>
      <TmLogo />
    </Flex>
    <Flex
      align="center"
      className={undefined}>
      <TmSearchbar />
    </Flex>
  </div>
  <div>
    <TmTabs
      dialogs={Array []} />
  </div>
</div>
`;
