// Jest Snapshot v1, https://goo.gl/fbAQLP

exports[`Jest: TmAppbar (Snapshot) 1`] = `
<TmAppbar
  me={
    Object {
      "avatar": Object {
        "thumbnail": "",
      },
      "id": "",
      "name": Object {
        "first": "",
        "last": "",
      },
      "online": false,
    }
  }
/>
`;
