// Jest Snapshot v1, https://goo.gl/fbAQLP

exports[`Jest: TmSearchbar (Snapshot) 1`] = `
<div
  className={undefined}
>
  <div
    className={undefined}
  >
    <ActionSearch
      color="#fff"
    />
  </div>
  <div
    className={undefined}
  >
    <input
      className={undefined}
      onBlur={[Function]}
      onFocus={[Function]}
      placeholder="Поиск"
      type="text"
    />
  </div>
</div>
`;
