// Jest Snapshot v1, https://goo.gl/fbAQLP

exports[`Jest: TmDialogItem (Snapshot) 1`] = `
<div
  className=""
  onClick={[Function]}
>
  <div
    className={undefined}
  >
    <div
      className=""
    >
      <Avatar
        backgroundColor="transparent"
        size={48}
        src="path/to/avatar"
      />
    </div>
    <div
      className=""
    >
      <div
        className={undefined}
      >
        <div
          className=""
        >
          Alex Plex
        </div>
        <div
          className=""
        >
          lorem ipsum
        </div>
        <div
          className={undefined}
        >
          <ActionDone
            className={undefined}
          />
          <div
            className={undefined}
          >
            Mon Jun 19 2017
          </div>
        </div>
      </div>
    </div>
  </div>
</div>
`;
