// Jest Snapshot v1, https://goo.gl/fbAQLP

exports[`Jest: TmDialogItem (Snapshot) 1`] = `
<TmDialogItem
  changeInterlocutor={[Function]}
  dialog={
    Object {
      "message": Object {
        "status": Object {
          "delivered": true,
          "new": false,
          "read": false,
        },
        "timestamp": 2017-06-19T12:35:25.824Z,
        "value": Object {
          "text": "lorem ipsum",
        },
      },
      "user": Object {
        "avatar": Object {
          "thumbnail": "path/to/avatar",
        },
        "id": "12345",
        "name": Object {
          "first": "Alex",
          "last": "Plex",
        },
        "online": false,
      },
    }
  }
  interlocutor={Object {}}
/>
`;
